I'm sorry, but errors were detected in your script. Please correct the
errors listed below, and try again.


File "game/script.rpy", line 178: expected ':' not found.
    label finEntraPorPuerta
                           ^

Ren'Py Version: Ren'Py 8.1.3.23091805
Fri Feb 23 18:49:12 2024
